2025-04-28 10:22:07,043 [INFO] root - 程序启动，日志文件: C:\Users\mengy\Desktop\ZK_LogicBom_Builder\logs\log_20250428_102207.log
2025-04-28 10:22:07,298 [INFO] __main__ - 正在启动程序...
2025-04-28 10:22:07,299 [DEBUG] __main__ - Python版本: 3.13.2 (tags/v3.13.2:4f8bb39, Feb  4 2025, 15:23:48) [MSC v.1942 64 bit (AMD64)]
2025-04-28 10:22:07,299 [DEBUG] __main__ - 当前工作目录: C:\Users\mengy\Desktop\ZK_LogicBom_Builder
2025-04-28 10:22:07,299 [DEBUG] __main__ - src_dir路径: c:\Users\mengy\Desktop\ZK_LogicBom_Builder
2025-04-28 10:22:07,321 [INFO] __main__ - 正在创建语言选择对话框...
2025-04-28 10:22:08,749 [INFO] gui.language_dialog_tk - 已选择语言: zh
2025-04-28 10:22:08,775 [INFO] __main__ - 语言选择结果: zh
2025-04-28 10:22:08,776 [INFO] __main__ - 正在创建主题选择对话框...
2025-04-28 10:22:08,776 [DEBUG] gui.theme_dialog_tk - 创建主题选择对话框
2025-04-28 10:22:08,793 [DEBUG] gui.theme_dialog_tk - 主题选择对话框创建完成
2025-04-28 10:22:09,714 [DEBUG] gui.theme_dialog_tk - 用户选择了light主题
2025-04-28 10:22:09,746 [INFO] __main__ - 主题选择结果: light
2025-04-28 10:22:09,753 [INFO] __main__ - 正在配置主窗口...
2025-04-28 10:22:09,916 [INFO] __main__ - 开始创建MainWindow实例...
2025-04-28 10:22:09,917 [INFO] core.logic_builder - 已加载 0 条规则
2025-04-28 10:22:09,964 [INFO] __main__ - MainWindow实例创建完成
2025-04-28 10:22:10,275 [INFO] __main__ - 开始mainloop()...
2025-04-28 10:22:11,875 [INFO] core.config_processor - 找到工作表: ['TD', '0.模板&Vorlage', '1.Fahrgestell', '2.Fahrzeug allgemein', '3.Beschriftung&Kennzeichnung', '4. Anbauten&Fahrgestellarbeiten', '5. Fahrer_Mannschaftsraum', '6.Koffer', '7.Lichtmast', '8.Pumpenanlage', '9.Seilwinde&Generator', '10.Halterungen']
2025-04-28 10:22:11,875 [DEBUG] core.config_processor - 跳过工作表: TD
2025-04-28 10:22:11,876 [DEBUG] core.config_processor - 跳过工作表: 0.模板&Vorlage
2025-04-28 10:22:11,876 [INFO] core.config_processor - 处理工作表: 1.Fahrgestell -> 模块: 1.Fahrgestell
2025-04-28 10:22:11,894 [INFO] core.config_processor - 处理工作表: 2.Fahrzeug allgemein -> 模块: 2.Fahrzeug allgemein
2025-04-28 10:22:11,910 [INFO] core.config_processor - 处理工作表: 3.Beschriftung&Kennzeichnung -> 模块: 3.Beschriftung&Kennzeichnung
2025-04-28 10:22:11,925 [INFO] core.config_processor - 处理工作表: 4. Anbauten&Fahrgestellarbeiten -> 模块: 4.Anbauten&Fahrgestellarbeiten
2025-04-28 10:22:11,941 [INFO] core.config_processor - 处理工作表: 5. Fahrer_Mannschaftsraum -> 模块: 5.Fahrer_Mannschaftsraum
2025-04-28 10:22:11,962 [INFO] core.config_processor - 处理工作表: 6.Koffer -> 模块: 6.Koffer
2025-04-28 10:22:11,978 [INFO] core.config_processor - 处理工作表: 7.Lichtmast -> 模块: 7.Lichtmast
2025-04-28 10:22:11,992 [INFO] core.config_processor - 处理工作表: 8.Pumpenanlage -> 模块: 8.Pumpenanlage
2025-04-28 10:22:12,007 [INFO] core.config_processor - 处理工作表: 9.Seilwinde&Generator -> 模块: 9.Seilwinde&Generator
2025-04-28 10:22:12,022 [INFO] core.config_processor - 处理工作表: 10.Halterungen -> 模块: 10.Halterungen
2025-04-28 10:22:12,036 [INFO] gui.config_panel - 成功导入配置文件: C:/Users/mengy/Desktop/配置选项_Konfigurationsoptions.xlsm
2025-04-28 10:22:12,040 [INFO] gui.main_window_tk - 成功保存配置文件路径到app_config.json: C:/Users/mengy/Desktop/配置选项_Konfigurationsoptions.xlsm
2025-04-28 10:22:12,040 [INFO] gui.config_panel - 已保存配置文件路径到app_config.json: C:/Users/mengy/Desktop/配置选项_Konfigurationsoptions.xlsm
2025-04-28 10:22:13,477 [INFO] core.bom_processor - 开始导入BOM文件: C:/Users/mengy/Desktop/Bom.xlsx
2025-04-28 10:22:13,477 [INFO] core.bom_processor - 已清空现有数据
2025-04-28 10:22:13,478 [INFO] core.bom_processor - 正在读取Excel文件...
2025-04-28 10:22:13,486 [INFO] core.bom_processor - 成功打开Excel文件，包含以下工作表: ['Max-Gruppe']
2025-04-28 10:22:13,487 [INFO] core.bom_processor - 正在读取 Max-Gruppe 工作表...
2025-04-28 10:22:13,501 [INFO] core.bom_processor - 成功读取工作表，共 154 行数据
2025-04-28 10:22:13,502 [INFO] core.bom_processor - 所有必需列均存在，开始处理数据...
2025-04-28 10:22:13,503 [INFO] core.bom_processor - 过滤空层级后剩余 153 行数据
2025-04-28 10:22:13,504 [INFO] core.bom_processor - 
开始处理数据...
2025-04-28 10:22:13,508 [INFO] core.bom_processor - 
数据处理完成，成功处理 {processed_count} 行数据
2025-04-28 10:22:13,508 [INFO] core.bom_processor - 第 1 级节点数量: 1
2025-04-28 10:22:13,508 [INFO] core.bom_processor - 第 2 级节点数量: 133
2025-04-28 10:22:13,508 [INFO] core.bom_processor - 第 3 级节点数量: 19
2025-04-28 10:22:13,509 [INFO] core.bom_processor - BOM文件导入成功，共处理 153 个项目
2025-04-28 10:22:13,509 [INFO] gui.bom_panel - 成功导入BOM文件: C:/Users/mengy/Desktop/Bom.xlsx
2025-04-28 10:22:13,509 [INFO] gui.bom_panel - 开始刷新树状图
2025-04-28 10:22:13,510 [INFO] gui.bom_panel - 树状图刷新完成
2025-04-28 10:22:13,511 [INFO] gui.main_window_tk - 成功保存BOM文件路径到app_config.json: C:/Users/mengy/Desktop/Bom.xlsx
2025-04-28 10:22:13,511 [INFO] gui.bom_panel - 已保存BOM文件路径到app_config.json: C:/Users/mengy/Desktop/Bom.xlsx
2025-04-28 10:22:15,774 [INFO] core.logic_builder - 使用规则文件: C:\Users\mengy\Desktop\ZK_LogicBom_Builder\data\temp_rules_latest.json
2025-04-28 10:22:15,780 [INFO] core.logic_builder - 规则数据已保存到文件: C:\Users\mengy\Desktop\ZK_LogicBom_Builder\data\temp_rules_latest.json
2025-04-28 10:22:15,780 [INFO] core.logic_builder - 已导入 0 条规则
2025-04-28 10:24:04,907 [ERROR] core.logic_builder - 导入规则失败: 创建规则实例失败: 'list' object has no attribute 'split', 数据: {'rule_id': 'BL01', 'rule_type': 'static', 'condition': 'K03_02_01', 'action': 'PL-Sitze01-1123244', 'relation': '→', 'status': 'enabled', 'tags': []}
Traceback (most recent call last):
  File "c:\Users\mengy\Desktop\ZK_LogicBom_Builder\models\logic_rule.py", line 119, in from_dict
    tags = data.get('tags', '').split(',')
           ^^^^^^^^^^^^^^^^^^^^^^^^^^
AttributeError: 'list' object has no attribute 'split'

During handling of the above exception, another exception occurred:

Traceback (most recent call last):
  File "c:\Users\mengy\Desktop\ZK_LogicBom_Builder\core\logic_builder.py", line 497, in import_rules
    rule = LogicRule.from_dict(rule_data)
  File "c:\Users\mengy\Desktop\ZK_LogicBom_Builder\models\logic_rule.py", line 167, in from_dict
    raise ValueError(f"创建规则实例失败: {str(e)}, 数据: {data}")
ValueError: 创建规则实例失败: 'list' object has no attribute 'split', 数据: {'rule_id': 'BL01', 'rule_type': 'static', 'condition': 'K03_02_01', 'action': 'PL-Sitze01-1123244', 'relation': '→', 'status': 'enabled', 'tags': []}
2025-04-28 10:24:04,909 [ERROR] core.logic_builder - 导入规则失败: 创建规则实例失败: 'list' object has no attribute 'split', 数据: {'rule_id': 'BL03', 'rule_type': 'static', 'condition': 'K03_03_02', 'action': 'PL-Sitze01-1161295', 'relation': '→', 'status': 'enabled', 'tags': []}
Traceback (most recent call last):
  File "c:\Users\mengy\Desktop\ZK_LogicBom_Builder\models\logic_rule.py", line 119, in from_dict
    tags = data.get('tags', '').split(',')
           ^^^^^^^^^^^^^^^^^^^^^^^^^^
AttributeError: 'list' object has no attribute 'split'

During handling of the above exception, another exception occurred:

Traceback (most recent call last):
  File "c:\Users\mengy\Desktop\ZK_LogicBom_Builder\core\logic_builder.py", line 497, in import_rules
    rule = LogicRule.from_dict(rule_data)
  File "c:\Users\mengy\Desktop\ZK_LogicBom_Builder\models\logic_rule.py", line 167, in from_dict
    raise ValueError(f"创建规则实例失败: {str(e)}, 数据: {data}")
ValueError: 创建规则实例失败: 'list' object has no attribute 'split', 数据: {'rule_id': 'BL03', 'rule_type': 'static', 'condition': 'K03_03_02', 'action': 'PL-Sitze01-1161295', 'relation': '→', 'status': 'enabled', 'tags': []}
2025-04-28 10:24:04,920 [INFO] core.logic_builder - 规则数据已保存到文件: C:\Users\mengy\Desktop\ZK_LogicBom_Builder\data\temp_rules_latest.json
2025-04-28 10:24:04,921 [INFO] core.logic_builder - 已导入 0 条规则
2025-04-28 10:24:20,012 [INFO] gui.logic_library_window - 已加载 0 条 BOM 逻辑关系规则
2025-04-28 10:24:25,587 [DEBUG] gui.config_panel - ConfigPanel: 双击选中项 ID: I078
2025-04-28 10:24:25,588 [DEBUG] gui.config_panel - ConfigPanel: 选中项文本: K03_02_02 Unterbodenschutz u. Hohlraumkonservierung
2025-04-28 10:24:25,589 [DEBUG] gui.config_panel - ConfigPanel: 提取的代码: K03_02_02
2025-04-28 10:24:25,589 [INFO] gui.config_panel - ConfigPanel: 准备插入K码: K03_02_02
2025-04-28 10:24:25,590 [DEBUG] gui.config_panel - ConfigPanel: 获取根窗口成功
2025-04-28 10:24:25,590 [DEBUG] gui.config_panel - ConfigPanel: 获取MainWindow实例成功
2025-04-28 10:24:25,591 [DEBUG] gui.config_panel - ConfigPanel: 找到逻辑面板
2025-04-28 10:24:25,592 [DEBUG] gui.logic_panel - LogicPanel: 开始插入代码: K03_02_02
2025-04-28 10:24:25,592 [INFO] gui.logic_panel - LogicPanel: 输入历史 - 类型: K_code, 内容: K03_02_02, 当前表达式: K03_02_02 
2025-04-28 10:24:25,593 [INFO] gui.config_panel - ConfigPanel: 成功发送代码到逻辑面板: K03_02_02
2025-04-28 10:24:26,408 [INFO] gui.logic_panel - LogicPanel: 输入历史 - 类型: operator, 内容: →, 当前表达式: K03_02_02  → 
2025-04-28 10:24:28,022 [DEBUG] gui.bom_panel - BomPanel: 双击选中项 ID: I039
2025-04-28 10:24:28,023 [DEBUG] gui.bom_panel - BomPanel: 选中项文本: 1161296 - PA-Sitz Std. mechanisch / BA-seat mechanically
Z-Cab NG Einflaschengerät / Z-Cab NG single-bottle device
2025-04-28 10:24:28,024 [DEBUG] gui.bom_panel - BomPanel: 提取到Baugruppe: 1161296
2025-04-28 10:24:28,025 [DEBUG] gui.bom_panel - BomPanel: 提取到占位符: PL-Sitze03
2025-04-28 10:24:28,026 [DEBUG] gui.bom_panel - BomPanel: 构建的BOM码: PL-Sitze03-1161296
2025-04-28 10:24:28,027 [DEBUG] gui.bom_panel - BomPanel: 获取根窗口成功
2025-04-28 10:24:28,027 [DEBUG] gui.bom_panel - BomPanel: 获取MainWindow实例成功
2025-04-28 10:24:28,028 [DEBUG] gui.bom_panel - BomPanel: 找到逻辑面板
2025-04-28 10:24:28,029 [DEBUG] gui.logic_panel - LogicPanel: 开始插入代码: PL-Sitze03-1161296
2025-04-28 10:24:28,030 [DEBUG] gui.logic_panel - 验证BOM码: PL-Sitze03-1161296
2025-04-28 10:24:28,032 [INFO] gui.logic_panel - LogicPanel: 输入历史 - 类型: BOM_code, 内容: PL-Sitze03-1161296, 当前表达式: K03_02_02  → PL-Sitze03-1161296 
2025-04-28 10:24:28,032 [INFO] gui.bom_panel - BomPanel: 成功发送代码到逻辑面板: PL-Sitze03-1161296
2025-04-28 10:24:28,033 [INFO] gui.bom_panel - BomPanel: 成功插入BOM码: PL-Sitze03-1161296
2025-04-28 10:24:29,783 [INFO] core.logic_builder - 规则数据已保存到文件: C:\Users\mengy\Desktop\ZK_LogicBom_Builder\data\temp_rules_latest.json
2025-04-28 10:24:29,788 [INFO] core.logic_builder - 规则数据已保存到文件: C:\Users\mengy\Desktop\ZK_LogicBom_Builder\data\temp_rules_latest.json
2025-04-28 10:24:29,789 [INFO] core.logic_builder - 规则数据已保存到文件: C:\Users\mengy\Desktop\ZK_LogicBom_Builder\data\temp_rules_latest.json
2025-04-28 10:24:29,790 [INFO] gui.logic_panel - 已保存新的BOM逻辑关系规则: ID=BL01, 选择项=K03_02_02, 影响项=PL-Sitze03-1161296, 状态=enabled
2025-04-28 10:24:31,676 [DEBUG] gui.config_panel - ConfigPanel: 双击选中项 ID: I087
2025-04-28 10:24:31,676 [DEBUG] gui.config_panel - ConfigPanel: 选中项文本: K03_06_02 Beigestellte Klebewappen anbringen
2025-04-28 10:24:31,677 [DEBUG] gui.config_panel - ConfigPanel: 提取的代码: K03_06_02
2025-04-28 10:24:31,677 [INFO] gui.config_panel - ConfigPanel: 准备插入K码: K03_06_02
2025-04-28 10:24:31,678 [DEBUG] gui.config_panel - ConfigPanel: 获取根窗口成功
2025-04-28 10:24:31,679 [DEBUG] gui.config_panel - ConfigPanel: 获取MainWindow实例成功
2025-04-28 10:24:31,679 [DEBUG] gui.config_panel - ConfigPanel: 找到逻辑面板
2025-04-28 10:24:31,680 [DEBUG] gui.logic_panel - LogicPanel: 开始插入代码: K03_06_02
2025-04-28 10:24:31,681 [INFO] gui.logic_panel - LogicPanel: 输入历史 - 类型: K_code, 内容: K03_06_02, 当前表达式: K03_06_02 
2025-04-28 10:24:31,681 [INFO] gui.config_panel - ConfigPanel: 成功发送代码到逻辑面板: K03_06_02
2025-04-28 10:24:32,769 [INFO] gui.logic_panel - LogicPanel: 输入历史 - 类型: operator, 内容: →, 当前表达式: K03_06_02  → 
2025-04-28 10:24:33,445 [DEBUG] gui.bom_panel - BomPanel: 双击选中项 ID: I03D
2025-04-28 10:24:33,446 [DEBUG] gui.bom_panel - BomPanel: 选中项文本: 1161294 - PA-Sitz Std. elektrisch / BA-seat std. electric
Z-Cab NG Einflaschengerät / Z-Cab NG single-bottle device
2025-04-28 10:24:33,447 [DEBUG] gui.bom_panel - BomPanel: 提取到Baugruppe: 1161294
2025-04-28 10:24:33,448 [DEBUG] gui.bom_panel - BomPanel: 提取到占位符: PL-Sitze03
2025-04-28 10:24:33,449 [DEBUG] gui.bom_panel - BomPanel: 构建的BOM码: PL-Sitze03-1161294
2025-04-28 10:24:33,450 [DEBUG] gui.bom_panel - BomPanel: 获取根窗口成功
2025-04-28 10:24:33,451 [DEBUG] gui.bom_panel - BomPanel: 获取MainWindow实例成功
2025-04-28 10:24:33,452 [DEBUG] gui.bom_panel - BomPanel: 找到逻辑面板
2025-04-28 10:24:33,453 [DEBUG] gui.logic_panel - LogicPanel: 开始插入代码: PL-Sitze03-1161294
2025-04-28 10:24:33,454 [DEBUG] gui.logic_panel - 验证BOM码: PL-Sitze03-1161294
2025-04-28 10:24:33,455 [INFO] gui.logic_panel - LogicPanel: 输入历史 - 类型: BOM_code, 内容: PL-Sitze03-1161294, 当前表达式: K03_06_02  → PL-Sitze03-1161294 
2025-04-28 10:24:33,456 [INFO] gui.bom_panel - BomPanel: 成功发送代码到逻辑面板: PL-Sitze03-1161294
2025-04-28 10:24:33,457 [INFO] gui.bom_panel - BomPanel: 成功插入BOM码: PL-Sitze03-1161294
2025-04-28 10:24:35,375 [INFO] core.logic_builder - 规则数据已保存到文件: C:\Users\mengy\Desktop\ZK_LogicBom_Builder\data\temp_rules_latest.json
2025-04-28 10:24:35,380 [INFO] core.logic_builder - 规则数据已保存到文件: C:\Users\mengy\Desktop\ZK_LogicBom_Builder\data\temp_rules_latest.json
2025-04-28 10:24:35,381 [INFO] core.logic_builder - 规则数据已保存到文件: C:\Users\mengy\Desktop\ZK_LogicBom_Builder\data\temp_rules_latest.json
2025-04-28 10:24:35,382 [INFO] gui.logic_panel - 已保存新的BOM逻辑关系规则: ID=BL02, 选择项=K03_06_02, 影响项=PL-Sitze03-1161294, 状态=enabled
2025-04-28 10:24:47,641 [INFO] core.logic_builder - 规则数据已保存到文件: C:\Users\mengy\Desktop\ZK_LogicBom_Builder\data\temp_rules_latest.json
2025-04-28 10:24:47,642 [INFO] core.logic_builder - 规则数据已成功清空
2025-04-28 10:24:50,232 [INFO] gui.logic_library_window - 已加载 0 条 BOM 逻辑关系规则
