2025-05-12 10:26:38,572 [INFO] root - 程序启动，日志文件: C:\Users\mengy\Desktop\ZK_LogicBom_Builder\logs\log_20250512_102638.log
2025-05-12 10:26:38,811 [INFO] __main__ - 正在启动程序...
2025-05-12 10:26:38,811 [DEBUG] __main__ - Python版本: 3.13.2 (tags/v3.13.2:4f8bb39, Feb  4 2025, 15:23:48) [MSC v.1942 64 bit (AMD64)]
2025-05-12 10:26:38,812 [DEBUG] __main__ - 当前工作目录: C:\Users\mengy\Desktop\ZK_LogicBom_Builder
2025-05-12 10:26:38,812 [DEBUG] __main__ - src_dir路径: c:\Users\mengy\Desktop\ZK_LogicBom_Builder
2025-05-12 10:26:38,841 [INFO] __main__ - 正在创建语言选择对话框...
2025-05-12 10:26:41,079 [INFO] gui.language_dialog_tk - 已选择语言: zh
2025-05-12 10:26:41,100 [INFO] __main__ - 语言选择结果: zh
2025-05-12 10:26:41,101 [INFO] __main__ - 正在创建主题选择对话框...
2025-05-12 10:26:41,101 [DEBUG] gui.theme_dialog_tk - 创建主题选择对话框
2025-05-12 10:26:41,113 [DEBUG] gui.theme_dialog_tk - 主题选择对话框创建完成
2025-05-12 10:26:41,834 [DEBUG] gui.theme_dialog_tk - 用户选择了light主题
2025-05-12 10:26:41,852 [INFO] __main__ - 主题选择结果: light
2025-05-12 10:26:41,866 [INFO] __main__ - 正在配置主窗口...
2025-05-12 10:26:41,978 [INFO] __main__ - 开始创建MainWindow实例...
2025-05-12 10:26:41,979 [INFO] core.logic_builder - 从 C:\Users\mengy\Desktop\ZK_LogicBom_Builder\data\temp_rules_latest.json 加载时检测到新版规则文件格式 (BL_rules/TL_rules)。
2025-05-12 10:26:41,979 [INFO] core.logic_builder - 已加载 0 条规则从 C:\Users\mengy\Desktop\ZK_LogicBom_Builder\data\temp_rules_latest.json
2025-05-12 10:26:42,093 [INFO] gui.logic_panel - 规则未加载状态，等待用户确认后再加载规则
2025-05-12 10:26:42,104 [INFO] __main__ - MainWindow实例创建完成
2025-05-12 10:26:42,329 [INFO] __main__ - 开始mainloop()...
2025-05-12 10:26:44,335 [INFO] core.config_processor - 找到工作表: ['1.Kabine']
2025-05-12 10:26:44,336 [INFO] core.config_processor - 处理工作表: 1.Kabine -> 模块: 1.Kabine
2025-05-12 10:26:44,358 [INFO] gui.config_panel - 成功导入配置文件: C:/Users/mengy/Desktop/Kabinemekrmal(Test).xlsx
2025-05-12 10:26:44,360 [INFO] gui.main_window_tk - 成功保存配置文件路径到app_config.json: C:/Users/mengy/Desktop/Kabinemekrmal(Test).xlsx
2025-05-12 10:26:44,360 [INFO] gui.config_panel - 已保存配置文件路径到app_config.json: C:/Users/mengy/Desktop/Kabinemekrmal(Test).xlsx
2025-05-12 10:26:45,524 [INFO] core.logic_builder - 准备从临时文件加载规则: C:\Users\mengy\Desktop\ZK_LogicBom_Builder\data\temp_rules_latest.json
2025-05-12 10:26:45,525 [INFO] core.logic_builder - 加载时检测到新版大写键名规则文件格式 (BL_rules/TL_rules) 从 C:\Users\mengy\Desktop\ZK_LogicBom_Builder\data\temp_rules_latest.json。
2025-05-12 10:26:45,525 [INFO] gui.logic_panel - 收到规则变更事件: type=imported, rule_id=None
2025-05-12 10:26:45,525 [INFO] core.logic_builder - 从临时文件 (C:\Users\mengy\Desktop\ZK_LogicBom_Builder\data\temp_rules_latest.json) 加载 0 条规则完成。导出状态: False
2025-05-12 10:26:45,525 [INFO] gui.main_window_tk - 未检测到需要提示加载的未导出规则 (可能文件不存在, 或已导出, 或无规则)。MainWindow.rules_loaded 设置为 False。
2025-05-12 10:26:53,547 [INFO] gui.bom_panel - 用户选择了新的BOM文件: C:/Users/mengy/Desktop/10017913（kabine bom映射表）.XLSX
2025-05-12 10:26:53,548 [INFO] core.bom_processor - 开始导入BOM文件: C:/Users/mengy/Desktop/10017913（kabine bom映射表）.XLSX
2025-05-12 10:26:53,549 [INFO] core.bom_processor - 已清空现有数据
2025-05-12 10:26:53,549 [INFO] core.bom_processor - 正在读取Excel文件...
2025-05-12 10:26:53,567 [INFO] core.bom_processor - 成功打开Excel文件，包含以下工作表: ['Sheet1', 'sheet2', 'kabine MAX BAUGRUPPE']
2025-05-12 10:26:53,567 [ERROR] core.bom_processor - 错误：未找到 Max-Gruppe 工作表
2025-05-12 10:26:53,567 [ERROR] core.bom_processor - 导入BOM文件失败: 未找到 Max-Gruppe 工作表
Traceback (most recent call last):
  File "c:\Users\mengy\Desktop\ZK_LogicBom_Builder\core\bom_processor.py", line 47, in import_bom
    raise ValueError("未找到 Max-Gruppe 工作表")
ValueError: 未找到 Max-Gruppe 工作表
2025-05-12 10:26:53,568 [ERROR] gui.bom_panel - 导入BOM文件失败: 导入BOM文件失败: 未找到 Max-Gruppe 工作表
Traceback (most recent call last):
  File "c:\Users\mengy\Desktop\ZK_LogicBom_Builder\core\bom_processor.py", line 47, in import_bom
    raise ValueError("未找到 Max-Gruppe 工作表")
ValueError: 未找到 Max-Gruppe 工作表

During handling of the above exception, another exception occurred:

Traceback (most recent call last):
  File "c:\Users\mengy\Desktop\ZK_LogicBom_Builder\gui\bom_panel.py", line 461, in _import_bom
    self.bom_processor.import_bom(file_path)
    ~~~~~~~~~~~~~~~~~~~~~~~~~~~~~^^^^^^^^^^^
  File "c:\Users\mengy\Desktop\ZK_LogicBom_Builder\core\bom_processor.py", line 70, in import_bom
    raise ImportError(f"导入BOM文件失败: {str(e)}")
ImportError: 导入BOM文件失败: 未找到 Max-Gruppe 工作表
