2025-04-28 10:25:42,483 [INFO] root - 程序启动，日志文件: C:\Users\mengy\Desktop\ZK_LogicBom_Builder\logs\log_20250428_102542.log
2025-04-28 10:25:42,725 [INFO] __main__ - 正在启动程序...
2025-04-28 10:25:42,725 [DEBUG] __main__ - Python版本: 3.13.2 (tags/v3.13.2:4f8bb39, Feb  4 2025, 15:23:48) [MSC v.1942 64 bit (AMD64)]
2025-04-28 10:25:42,726 [DEBUG] __main__ - 当前工作目录: C:\Users\mengy\Desktop\ZK_LogicBom_Builder
2025-04-28 10:25:42,726 [DEBUG] __main__ - src_dir路径: c:\Users\mengy\Desktop\ZK_LogicBom_Builder
2025-04-28 10:25:42,747 [INFO] __main__ - 正在创建语言选择对话框...
2025-04-28 10:25:43,752 [INFO] gui.language_dialog_tk - 已选择语言: zh
2025-04-28 10:25:43,777 [INFO] __main__ - 语言选择结果: zh
2025-04-28 10:25:43,778 [INFO] __main__ - 正在创建主题选择对话框...
2025-04-28 10:25:43,778 [DEBUG] gui.theme_dialog_tk - 创建主题选择对话框
2025-04-28 10:25:43,787 [DEBUG] gui.theme_dialog_tk - 主题选择对话框创建完成
2025-04-28 10:25:44,540 [DEBUG] gui.theme_dialog_tk - 用户选择了light主题
2025-04-28 10:25:44,562 [INFO] __main__ - 主题选择结果: light
2025-04-28 10:25:44,564 [INFO] __main__ - 正在配置主窗口...
2025-04-28 10:25:44,669 [INFO] __main__ - 开始创建MainWindow实例...
2025-04-28 10:25:44,670 [INFO] core.logic_builder - 已加载 0 条规则
2025-04-28 10:25:44,740 [INFO] __main__ - MainWindow实例创建完成
2025-04-28 10:25:45,048 [INFO] __main__ - 开始mainloop()...
2025-04-28 10:25:46,675 [INFO] core.config_processor - 找到工作表: ['TD', '0.模板&Vorlage', '1.Fahrgestell', '2.Fahrzeug allgemein', '3.Beschriftung&Kennzeichnung', '4. Anbauten&Fahrgestellarbeiten', '5. Fahrer_Mannschaftsraum', '6.Koffer', '7.Lichtmast', '8.Pumpenanlage', '9.Seilwinde&Generator', '10.Halterungen']
2025-04-28 10:25:46,676 [DEBUG] core.config_processor - 跳过工作表: TD
2025-04-28 10:25:46,676 [DEBUG] core.config_processor - 跳过工作表: 0.模板&Vorlage
2025-04-28 10:25:46,676 [INFO] core.config_processor - 处理工作表: 1.Fahrgestell -> 模块: 1.Fahrgestell
2025-04-28 10:25:46,693 [INFO] core.config_processor - 处理工作表: 2.Fahrzeug allgemein -> 模块: 2.Fahrzeug allgemein
2025-04-28 10:25:46,709 [INFO] core.config_processor - 处理工作表: 3.Beschriftung&Kennzeichnung -> 模块: 3.Beschriftung&Kennzeichnung
2025-04-28 10:25:46,725 [INFO] core.config_processor - 处理工作表: 4. Anbauten&Fahrgestellarbeiten -> 模块: 4.Anbauten&Fahrgestellarbeiten
2025-04-28 10:25:46,741 [INFO] core.config_processor - 处理工作表: 5. Fahrer_Mannschaftsraum -> 模块: 5.Fahrer_Mannschaftsraum
2025-04-28 10:25:46,762 [INFO] core.config_processor - 处理工作表: 6.Koffer -> 模块: 6.Koffer
2025-04-28 10:25:46,778 [INFO] core.config_processor - 处理工作表: 7.Lichtmast -> 模块: 7.Lichtmast
2025-04-28 10:25:46,792 [INFO] core.config_processor - 处理工作表: 8.Pumpenanlage -> 模块: 8.Pumpenanlage
2025-04-28 10:25:46,808 [INFO] core.config_processor - 处理工作表: 9.Seilwinde&Generator -> 模块: 9.Seilwinde&Generator
2025-04-28 10:25:46,823 [INFO] core.config_processor - 处理工作表: 10.Halterungen -> 模块: 10.Halterungen
2025-04-28 10:25:46,838 [INFO] gui.config_panel - 成功导入配置文件: C:/Users/mengy/Desktop/配置选项_Konfigurationsoptions.xlsm
2025-04-28 10:25:46,841 [INFO] gui.main_window_tk - 成功保存配置文件路径到app_config.json: C:/Users/mengy/Desktop/配置选项_Konfigurationsoptions.xlsm
2025-04-28 10:25:46,841 [INFO] gui.config_panel - 已保存配置文件路径到app_config.json: C:/Users/mengy/Desktop/配置选项_Konfigurationsoptions.xlsm
2025-04-28 10:25:47,942 [INFO] core.bom_processor - 开始导入BOM文件: C:/Users/mengy/Desktop/Bom.xlsx
2025-04-28 10:25:47,943 [INFO] core.bom_processor - 已清空现有数据
2025-04-28 10:25:47,944 [INFO] core.bom_processor - 正在读取Excel文件...
2025-04-28 10:25:47,948 [INFO] core.bom_processor - 成功打开Excel文件，包含以下工作表: ['Max-Gruppe']
2025-04-28 10:25:47,948 [INFO] core.bom_processor - 正在读取 Max-Gruppe 工作表...
2025-04-28 10:25:47,957 [INFO] core.bom_processor - 成功读取工作表，共 154 行数据
2025-04-28 10:25:47,958 [INFO] core.bom_processor - 所有必需列均存在，开始处理数据...
2025-04-28 10:25:47,959 [INFO] core.bom_processor - 过滤空层级后剩余 153 行数据
2025-04-28 10:25:47,960 [INFO] core.bom_processor - 
开始处理数据...
2025-04-28 10:25:47,964 [INFO] core.bom_processor - 
数据处理完成，成功处理 {processed_count} 行数据
2025-04-28 10:25:47,964 [INFO] core.bom_processor - 第 1 级节点数量: 1
2025-04-28 10:25:47,964 [INFO] core.bom_processor - 第 2 级节点数量: 133
2025-04-28 10:25:47,965 [INFO] core.bom_processor - 第 3 级节点数量: 19
2025-04-28 10:25:47,965 [INFO] core.bom_processor - BOM文件导入成功，共处理 153 个项目
2025-04-28 10:25:47,965 [INFO] gui.bom_panel - 成功导入BOM文件: C:/Users/mengy/Desktop/Bom.xlsx
2025-04-28 10:25:47,966 [INFO] gui.bom_panel - 开始刷新树状图
2025-04-28 10:25:47,967 [INFO] gui.bom_panel - 树状图刷新完成
2025-04-28 10:25:47,968 [INFO] gui.main_window_tk - 成功保存BOM文件路径到app_config.json: C:/Users/mengy/Desktop/Bom.xlsx
2025-04-28 10:25:47,968 [INFO] gui.bom_panel - 已保存BOM文件路径到app_config.json: C:/Users/mengy/Desktop/Bom.xlsx
2025-04-28 10:25:50,176 [INFO] core.logic_builder - 使用规则文件: C:\Users\mengy\Desktop\ZK_LogicBom_Builder\data\temp_rules_latest.json
2025-04-28 10:25:50,189 [INFO] core.logic_builder - 规则数据已保存到文件: C:\Users\mengy\Desktop\ZK_LogicBom_Builder\data\temp_rules_latest.json
2025-04-28 10:25:50,189 [INFO] core.logic_builder - 已导入 0 条规则
2025-04-28 10:25:58,756 [ERROR] core.logic_builder - 导入规则失败: 创建规则实例失败: 'list' object has no attribute 'split', 数据: {'rule_id': 'BL01', 'rule_type': 'static', 'condition': 'K03_02_02', 'action': 'PL-Sitze03-1161296', 'relation': '→', 'status': 'enabled', 'tags': []}
Traceback (most recent call last):
  File "c:\Users\mengy\Desktop\ZK_LogicBom_Builder\models\logic_rule.py", line 119, in from_dict
    tags = data.get('tags', '').split(',')
           ^^^^^^^^^^^^^^^^^^^^^^^^^^
AttributeError: 'list' object has no attribute 'split'

During handling of the above exception, another exception occurred:

Traceback (most recent call last):
  File "c:\Users\mengy\Desktop\ZK_LogicBom_Builder\core\logic_builder.py", line 497, in import_rules
    rule = LogicRule.from_dict(rule_data)
  File "c:\Users\mengy\Desktop\ZK_LogicBom_Builder\models\logic_rule.py", line 167, in from_dict
    raise ValueError(f"创建规则实例失败: {str(e)}, 数据: {data}")
ValueError: 创建规则实例失败: 'list' object has no attribute 'split', 数据: {'rule_id': 'BL01', 'rule_type': 'static', 'condition': 'K03_02_02', 'action': 'PL-Sitze03-1161296', 'relation': '→', 'status': 'enabled', 'tags': []}
2025-04-28 10:25:58,757 [ERROR] core.logic_builder - 导入规则失败: 创建规则实例失败: 'list' object has no attribute 'split', 数据: {'rule_id': 'BL02', 'rule_type': 'static', 'condition': 'K03_06_02', 'action': 'PL-Sitze03-1161294', 'relation': '→', 'status': 'enabled', 'tags': []}
Traceback (most recent call last):
  File "c:\Users\mengy\Desktop\ZK_LogicBom_Builder\models\logic_rule.py", line 119, in from_dict
    tags = data.get('tags', '').split(',')
           ^^^^^^^^^^^^^^^^^^^^^^^^^^
AttributeError: 'list' object has no attribute 'split'

During handling of the above exception, another exception occurred:

Traceback (most recent call last):
  File "c:\Users\mengy\Desktop\ZK_LogicBom_Builder\core\logic_builder.py", line 497, in import_rules
    rule = LogicRule.from_dict(rule_data)
  File "c:\Users\mengy\Desktop\ZK_LogicBom_Builder\models\logic_rule.py", line 167, in from_dict
    raise ValueError(f"创建规则实例失败: {str(e)}, 数据: {data}")
ValueError: 创建规则实例失败: 'list' object has no attribute 'split', 数据: {'rule_id': 'BL02', 'rule_type': 'static', 'condition': 'K03_06_02', 'action': 'PL-Sitze03-1161294', 'relation': '→', 'status': 'enabled', 'tags': []}
2025-04-28 10:25:58,761 [INFO] core.logic_builder - 规则数据已保存到文件: C:\Users\mengy\Desktop\ZK_LogicBom_Builder\data\temp_rules_latest.json
2025-04-28 10:25:58,761 [INFO] core.logic_builder - 已导入 0 条规则
2025-04-28 10:27:29,029 [DEBUG] gui.config_panel - ConfigPanel: 双击选中项 ID: I077
2025-04-28 10:27:29,029 [DEBUG] gui.config_panel - ConfigPanel: 选中项文本: K03_02_01 Unterbodenschutz
2025-04-28 10:27:29,030 [DEBUG] gui.config_panel - ConfigPanel: 提取的代码: K03_02_01
2025-04-28 10:27:29,031 [INFO] gui.config_panel - ConfigPanel: 准备插入K码: K03_02_01
2025-04-28 10:27:29,031 [DEBUG] gui.config_panel - ConfigPanel: 获取根窗口成功
2025-04-28 10:27:29,032 [DEBUG] gui.config_panel - ConfigPanel: 获取MainWindow实例成功
2025-04-28 10:27:29,032 [DEBUG] gui.config_panel - ConfigPanel: 找到逻辑面板
2025-04-28 10:27:29,033 [DEBUG] gui.logic_panel - LogicPanel: 开始插入代码: K03_02_01
2025-04-28 10:27:29,033 [INFO] gui.logic_panel - LogicPanel: 输入历史 - 类型: K_code, 内容: K03_02_01, 当前表达式: K03_02_01 
2025-04-28 10:27:29,033 [INFO] gui.config_panel - ConfigPanel: 成功发送代码到逻辑面板: K03_02_01
2025-04-28 10:27:29,825 [INFO] gui.logic_panel - LogicPanel: 输入历史 - 类型: operator, 内容: →, 当前表达式: K03_02_01  → 
2025-04-28 10:27:31,476 [DEBUG] gui.bom_panel - BomPanel: 双击选中项 ID: I015
2025-04-28 10:27:31,477 [DEBUG] gui.bom_panel - BomPanel: 选中项文本: 1161296 - PA-Sitz Std. mechanisch / BA-seat mechanically
Z-Cab NG Einflaschengerät / Z-Cab NG single-bottle device
2025-04-28 10:27:31,477 [DEBUG] gui.bom_panel - BomPanel: 提取到Baugruppe: 1161296
2025-04-28 10:27:31,478 [DEBUG] gui.bom_panel - BomPanel: 提取到占位符: PL-Sitze01
2025-04-28 10:27:31,478 [DEBUG] gui.bom_panel - BomPanel: 构建的BOM码: PL-Sitze01-1161296
2025-04-28 10:27:31,478 [DEBUG] gui.bom_panel - BomPanel: 获取根窗口成功
2025-04-28 10:27:31,479 [DEBUG] gui.bom_panel - BomPanel: 获取MainWindow实例成功
2025-04-28 10:27:31,479 [DEBUG] gui.bom_panel - BomPanel: 找到逻辑面板
2025-04-28 10:27:31,479 [DEBUG] gui.logic_panel - LogicPanel: 开始插入代码: PL-Sitze01-1161296
2025-04-28 10:27:31,480 [DEBUG] gui.logic_panel - 验证BOM码: PL-Sitze01-1161296
2025-04-28 10:27:31,481 [INFO] gui.logic_panel - LogicPanel: 输入历史 - 类型: BOM_code, 内容: PL-Sitze01-1161296, 当前表达式: K03_02_01  → PL-Sitze01-1161296 
2025-04-28 10:27:31,482 [INFO] gui.bom_panel - BomPanel: 成功发送代码到逻辑面板: PL-Sitze01-1161296
2025-04-28 10:27:31,482 [INFO] gui.bom_panel - BomPanel: 成功插入BOM码: PL-Sitze01-1161296
2025-04-28 10:27:32,487 [INFO] core.logic_builder - 规则数据已保存到文件: C:\Users\mengy\Desktop\ZK_LogicBom_Builder\data\temp_rules_latest.json
2025-04-28 10:27:32,492 [INFO] core.logic_builder - 规则数据已保存到文件: C:\Users\mengy\Desktop\ZK_LogicBom_Builder\data\temp_rules_latest.json
2025-04-28 10:27:32,493 [INFO] core.logic_builder - 规则数据已保存到文件: C:\Users\mengy\Desktop\ZK_LogicBom_Builder\data\temp_rules_latest.json
2025-04-28 10:27:32,493 [INFO] gui.logic_panel - 已保存新的BOM逻辑关系规则: ID=BL01, 选择项=K03_02_01, 影响项=PL-Sitze01-1161296, 状态=testing
2025-04-28 10:27:36,644 [INFO] core.logic_builder - 规则数据已保存到文件: C:\Users\mengy\Desktop\ZK_LogicBom_Builder\data\temp_rules_latest.json
2025-04-28 10:27:38,176 [INFO] gui.logic_library_window - 已加载 1 条 BOM 逻辑关系规则
2025-04-28 10:27:43,434 [INFO] core.logic_builder - 规则数据已保存到文件: C:\Users\mengy\Desktop\ZK_LogicBom_Builder\data\temp_rules_latest.json
2025-04-28 10:27:46,019 [INFO] gui.logic_library_window - 已加载 1 条 BOM 逻辑关系规则
2025-04-28 10:27:49,728 [INFO] core.logic_builder - 规则数据已保存到文件: C:\Users\mengy\Desktop\ZK_LogicBom_Builder\data\temp_rules_latest.json
2025-04-28 10:27:49,729 [INFO] gui.logic_library_window - 已更改规则状态: BL01 -> enabled
2025-04-28 10:27:58,170 [INFO] core.logic_builder - 规则数据已保存到文件: C:\Users\mengy\Desktop\ZK_LogicBom_Builder\data\temp_rules_latest.json
2025-04-28 10:27:58,170 [INFO] gui.logic_library_window - 已删除规则: BL01
